took %d ns
 200.747µs
took %d ns
 142.588µs
took %d ns
 105.168µs
